// Jest Snapshot v1, https://goo.gl/fbAQLP

exports[`Footer renders a footer component 1`] = `<Footer />`;
