// Jest Snapshot v1, https://goo.gl/fbAQLP

exports[`NavBar renders a nav bar 1`] = `
<header>
  <nav
    className="navbar navbar-light navbar-expand-md navigation-clean"
  >
    <div
      className="container"
    >
      <Link
        className="navbar-brand"
        replace={false}
        to="/"
      >
        Yannick Le Roux 
      </Link>
      <span
        className="navbar-brand"
        id="tagline"
      >
        <FontAwesomeIcon
          border={false}
          className=""
          fixedWidth={false}
          flip={null}
          icon={
            Object {
              "icon": Array [
                640,
                512,
                Array [],
                "f5fc",
                "M255.03 261.65c6.25 6.25 16.38 6.25 22.63 0l11.31-11.31c6.25-6.25 6.25-16.38 0-22.63L253.25 192l35.71-35.72c6.25-6.25 6.25-16.38 0-22.63l-11.31-11.31c-6.25-6.25-16.38-6.25-22.63 0l-58.34 58.34c-6.25 6.25-6.25 16.38 0 22.63l58.35 58.34zm96.01-11.3l11.31 11.31c6.25 6.25 16.38 6.25 22.63 0l58.34-58.34c6.25-6.25 6.25-16.38 0-22.63l-58.34-58.34c-6.25-6.25-16.38-6.25-22.63 0l-11.31 11.31c-6.25 6.25-6.25 16.38 0 22.63L386.75 192l-35.71 35.72c-6.25 6.25-6.25 16.38 0 22.63zM624 416H381.54c-.74 19.81-14.71 32-32.74 32H288c-18.69 0-33.02-17.47-32.77-32H16c-8.8 0-16 7.2-16 16v16c0 35.2 28.8 64 64 64h512c35.2 0 64-28.8 64-64v-16c0-8.8-7.2-16-16-16zM576 48c0-26.4-21.6-48-48-48H112C85.6 0 64 21.6 64 48v336h512V48zm-64 272H128V64h384v256z",
              ],
              "iconName": "laptop-code",
              "prefix": "fas",
            }
          }
          inverse={false}
          listItem={false}
          mask={null}
          pull={null}
          pulse={false}
          rotation={null}
          size={null}
          spin={false}
          style={
            Object {
              "color": "white",
            }
          }
          symbol={false}
          title=""
          transform={null}
        />
        <small>
             Developer in the making
        </small>
      </span>
      <NavbarToggler
        onClick={[Function]}
        tag="button"
        type="button"
      />
      <Collapse
        appear={false}
        enter={true}
        exit={true}
        in={false}
        isOpen={false}
        mountOnEnter={false}
        navbar={true}
        onEnter={[Function]}
        onEntered={[Function]}
        onEntering={[Function]}
        onExit={[Function]}
        onExited={[Function]}
        onExiting={[Function]}
        tag="div"
        timeout={350}
        unmountOnExit={false}
      >
        <Nav
          className="nav navbar-nav ml-auto"
          navbar={true}
          tag="ul"
          vertical={false}
        >
          <NavItem
            tag="li"
          >
            <NavLink
              activeClassName="active"
              aria-current="page"
              className="nav-link"
              to="/about"
            >
              About me
            </NavLink>
          </NavItem>
          <NavItem
            tag="li"
          >
            <NavLink
              activeClassName="active"
              aria-current="page"
              className="nav-link"
              to="/portfolio"
            >
              Portfolio
            </NavLink>
          </NavItem>
          <NavItem
            tag="li"
          >
            <NavLink
              activeClassName="active"
              aria-current="page"
              className="nav-link"
              to="/blog"
            >
              Blog
            </NavLink>
          </NavItem>
          <NavItem
            tag="li"
          >
            <NavLink
              activeClassName="active"
              aria-current="page"
              className="nav-link"
              to="/contact"
            >
              Hire Me
            </NavLink>
          </NavItem>
        </Nav>
      </Collapse>
    </div>
  </nav>
</header>
`;
